(---------------------------------------------------------------------)
(                                                                     )
(    Allegro Netrev Import Logic                                      )
(                                                                     )
(    Drawing          : echolight2.brd                                )
(    Software Version : 25.1P001                                      )
(    Date/Time        : Sat Feb  7 22:14:57 2026                      )
(                                                                     )
(---------------------------------------------------------------------)


------ Directives ------------

Ripup etch:                  No
Ripup delete first segment:  No
Ripup retain bondwire:       No
Ripup symbols:               Always
Missing symbol has error:    No
DRC update:                  Yes
Schematic directory:         '.'
Design Directory:            'C:/Users/garci/OneDrive/Desktop/echolight/echolight_7_2/echolight_1/allegro'
Old design name:             'C:/Users/garci/OneDrive/Desktop/echolight/echolight_7_2/echolight_1/allegro/echolight2.brd'
New design name:             'C:/Users/garci/OneDrive/Desktop/echolight/echolight_7_2/echolight_1/allegro/echolight2.brd'

CmdLine: netrev -y 1 -q netrev_constraint_report.xml C:/Users/garci/OneDrive/Desktop/echolight/echolight_7_2/echolight_1/allegro/#Taaabtp31100.tmp

------ Preparing to read pst files ------

Starting to read ./pstchip.dat 
   Finished reading ./pstchip.dat (00:00:00.01)
Starting to read ./pstxprt.dat 
   Finished reading ./pstxprt.dat (00:00:00.00)
Starting to read ./pstxnet.dat 
   Finished reading ./pstxnet.dat (00:00:00.00)

------ Oversights/Warnings/Errors ------


------ Library Paths ------
MODULEPATH =  . 
           c:/cadence/orcadx_25.1/share/local/pcb/modules 

PSMPATH =  C:/Users/garci/AppData/Roaming/SPB_Data/cdssetup/OrCAD_Capture/25.1.0/downloaded_parts/allegropcb 
           . 
           symbols 
           .. 
           ../symbols 
           C:/Cadence/OrCADX_25.1/share/local/pcb/symbols 
           C:/Cadence/OrCADX_25.1/share/pcb/pcb_lib/symbols 
           C:/Cadence/OrCADX_25.1/share/pcb/allegrolib/symbols 
           C:/ORCAD_LABORATORIES/workspace/libraries/footprints/downloads 
           C:/Users/garci/OneDrive/Desktop/EchoLight_2026_11_01_ver2/EchoLight_2026_11_01_ver3/EchoLight/footprints 
           C:/Users/garci/OneDrive/Desktop/EchoLight_2026_11_01_ver2/EchoLight/footprints 
           C:/Users/garci/OneDrive/Desktop/echolight/echolight_7_2/echolight_1/allegropcb 

PADPATH =  . 


------ Summary Statistics ------


netrev run on Feb 7 22:14:57 2026
   DESIGN NAME : 'ECHOLIGHT'
   PACKAGING ON Sep 14 2025 20:02:13

   COMPILE 'logic'
   CHECK_PIN_NAMES OFF
   CROSS_REFERENCE OFF
   FEEDBACK OFF
   INCREMENTAL OFF
   INTERFACE_TYPE PHYSICAL
   MAX_ERRORS 500
   MERGE_MINIMUM 5
   NET_NAME_CHARS '#%&()*+-./:=>?@[]^_`|'
   NET_NAME_LENGTH 24
   OVERSIGHTS ON
   REPLACE_CHECK OFF
   SINGLE_NODE_NETS ON
   SPLIT_MINIMUM 0
   SUPPRESS   20
   WARNINGS ON

 No error detected
 No oversight detected
 No warning detected

cpu time      0:00:23
elapsed time  0:00:01

